19:24:08 **** Incremental Build of configuration Debug for project ADC_SingleChannelPeriodicConversion_Interrupt ****
make -j12 all 
arm-none-eabi-gcc "../Core/Src/main.c" -mcpu=cortex-m3 -std=gnu11 -g3 -DDEBUG -DUSE_HAL_DRIVER -DSTM32F103xB -c -I../Core/Inc -I../Drivers/STM32F1xx_HAL_Driver/Inc/Legacy -I../Drivers/STM32F1xx_HAL_Driver/Inc -I../Drivers/CMSIS/Device/ST/STM32F1xx/Include -I../Drivers/CMSIS/Include -O0 -ffunction-sections -fdata-sections -Wall -fstack-usage -MMD -MP -MF"Core/Src/main.d" -MT"Core/Src/main.o" --specs=nano.specs -mfloat-abi=soft -mthumb -o "Core/Src/main.o"
arm-none-eabi-gcc -o "ADC_SingleChannelPeriodicConversion_Interrupt.elf" @"objects.list"   -mcpu=cortex-m3 -T"/home/batchuka/Desktop/projetos/ADC_SingleChannelPeriodicConversion_Interrupt/STM32F103C8TX_FLASH.ld" --specs=nosys.specs -Wl,-Map="ADC_SingleChannelPeriodicConversion_Interrupt.map" -Wl,--gc-sections -static --specs=nano.specs -mfloat-abi=soft -mthumb -Wl,--start-group -lc -lm -Wl,--end-group
Finished building target: ADC_SingleChannelPeriodicConversion_Interrupt.elf
 
arm-none-eabi-size   ADC_SingleChannelPeriodicConversion_Interrupt.elf 
arm-none-eabi-objdump -h -S  ADC_SingleChannelPeriodicConversion_Interrupt.elf  > "ADC_SingleChannelPeriodicConversion_Interrupt.list"
   text	   data	    bss	    dec	    hex	filename
   9784	     20	   1700	  11504	   2cf0	ADC_SingleChannelPeriodicConversion_Interrupt.elf
Finished building: default.size.stdout
 
Finished building: ADC_SingleChannelPeriodicConversion_Interrupt.list
 

19:24:08 Build Finished. 0 errors, 0 warnings. (took 376ms)

