18:21:54 **** Incremental Build of configuration Debug for project MPU-6050-with-I2C ****
make -j12 all 
arm-none-eabi-size   MPU-6050-with-I2C.elf 
   text	   data	    bss	    dec	    hex	filename
  10308	    120	   1744	  12172	   2f8c	MPU-6050-with-I2C.elf
Finished building: default.size.stdout
 
18:22:01 **** Incremental Build of configuration Debug for project MPU-6050-with-I2C ****
make -j12 all 
arm-none-eabi-size   MPU-6050-with-I2C.elf 
   text	   data	    bss	    dec	    hex	filename
  10308	    120	   1744	  12172	   2f8c	MPU-6050-with-I2C.elf
Finished building: default.size.stdout
 
18:23:40 **** Incremental Build of configuration Debug for project MPU-6050-with-I2C ****
make -j12 all 
arm-none-eabi-gcc "../Core/Src/main.c" -mcpu=cortex-m3 -std=gnu11 -g3 -DDEBUG -DUSE_HAL_DRIVER -DSTM32F103xB -c -I../Core/Inc -I../Drivers/STM32F1xx_HAL_Driver/Inc -I../Drivers/STM32F1xx_HAL_Driver/Inc/Legacy -I../Drivers/CMSIS/Device/ST/STM32F1xx/Include -I../Drivers/CMSIS/Include -O0 -ffunction-sections -fdata-sections -Wall -fstack-usage -MMD -MP -MF"Core/Src/main.d" -MT"Core/Src/main.o" --specs=nano.specs -mfloat-abi=soft -mthumb -o "Core/Src/main.o"
arm-none-eabi-gcc -o "MPU-6050-with-I2C.elf" @"objects.list"   -mcpu=cortex-m3 -T"C:\Users\Mathe\Desktop\projetos\STM-ARM32-IFES\MPU-6050-with-I2C\STM32F103RBTX_FLASH.ld" --specs=nosys.specs -Wl,-Map="MPU-6050-with-I2C.map" -Wl,--gc-sections -static --specs=nano.specs -mfloat-abi=soft -mthumb -Wl,--start-group -lc -lm -Wl,--end-group
Finished building target: MPU-6050-with-I2C.elf
 
arm-none-eabi-size   MPU-6050-with-I2C.elf 
arm-none-eabi-objdump -h -S  MPU-6050-with-I2C.elf  > "MPU-6050-with-I2C.list"
   text	   data	    bss	    dec	    hex	filename
  11960	    120	   1744	  13824	   3600	MPU-6050-with-I2C.elf
Finished building: default.size.stdout
 
Finished building: MPU-6050-with-I2C.list
 
18:29:41 **** Incremental Build of configuration Debug for project MPU-6050-with-I2C ****
make -j12 all 
arm-none-eabi-size   MPU-6050-with-I2C.elf 
   text	   data	    bss	    dec	    hex	filename
  11960	    120	   1744	  13824	   3600	MPU-6050-with-I2C.elf
Finished building: default.size.stdout
 
18:32:24 **** Incremental Build of configuration Debug for project MPU-6050-with-I2C ****
make -j12 all 
arm-none-eabi-size   MPU-6050-with-I2C.elf 
   text	   data	    bss	    dec	    hex	filename
  11960	    120	   1744	  13824	   3600	MPU-6050-with-I2C.elf
Finished building: default.size.stdout
 
